SyntaxError: Expected property name or '}' in JSON at position 1
    at JSON.parse (<anonymous>)
    at parse (/home/bmcjatrn/nodevenv/uptula.com/backend/20/lib/node_modules/body-parser/lib/types/json.js:92:19)
    at /home/bmcjatrn/nodevenv/uptula.com/backend/20/lib/node_modules/body-parser/lib/read.js:128:18
    at AsyncResource.runInAsyncScope (node:async_hooks:206:9)
    at invokeCallback (/home/bmcjatrn/nodevenv/uptula.com/backend/20/lib/node_modules/raw-body/index.js:238:16)
    at done (/home/bmcjatrn/nodevenv/uptula.com/backend/20/lib/node_modules/raw-body/index.js:227:7)
    at IncomingMessage.onEnd (/home/bmcjatrn/nodevenv/uptula.com/backend/20/lib/node_modules/raw-body/index.js:287:7)
    at IncomingMessage.emit (node:events:524:28)
    at endReadableNT (node:internal/streams/readable:1698:12)
    at process.processTicksAndRejections (node:internal/process/task_queues:82:21) {
  expose: true,
  statusCode: 400,
  status: 400,
  body: '{\\"email\\":\\"nope@x.com\\",\\"password\\":\\"x\\"}',
  type: 'entity.parse.failed'
}
SyntaxError: Expected property name or '}' in JSON at position 1
    at JSON.parse (<anonymous>)
    at parse (/home/bmcjatrn/nodevenv/uptula.com/backend/20/lib/node_modules/body-parser/lib/types/json.js:92:19)
    at /home/bmcjatrn/nodevenv/uptula.com/backend/20/lib/node_modules/body-parser/lib/read.js:128:18
    at AsyncResource.runInAsyncScope (node:async_hooks:206:9)
    at invokeCallback (/home/bmcjatrn/nodevenv/uptula.com/backend/20/lib/node_modules/raw-body/index.js:238:16)
    at done (/home/bmcjatrn/nodevenv/uptula.com/backend/20/lib/node_modules/raw-body/index.js:227:7)
    at IncomingMessage.onEnd (/home/bmcjatrn/nodevenv/uptula.com/backend/20/lib/node_modules/raw-body/index.js:287:7)
    at IncomingMessage.emit (node:events:524:28)
    at endReadableNT (node:internal/streams/readable:1698:12)
    at process.processTicksAndRejections (node:internal/process/task_queues:82:21) {
  expose: true,
  statusCode: 400,
  status: 400,
  body: '{\\"email\\":\\"x\\",\\"password\\":\\"x\\"}',
  type: 'entity.parse.failed'
}
